// Jest Snapshot v1, https://goo.gl/fbAQLP

exports[`renders ModeratorDashboard correctly (snapshot) 1`] = `
<RCTSafeAreaView
  style={
    {
      "backgroundColor": "#ffffff",
      "flex": 1,
    }
  }
>
  <View
    style={
      {
        "alignItems": "center",
        "backgroundColor": "#ffffff",
        "borderBottomColor": "#1a4d2e33",
        "borderBottomWidth": 1,
        "flexDirection": "row",
        "justifyContent": "space-between",
        "paddingHorizontal": 12,
        "paddingVertical": 12,
      }
    }
  >
    <Text
      style={
        {
          "color": "#1a4d2e",
          "fontSize": 18,
          "fontWeight": "700",
        }
      }
    >
      Moderator Dashboard
    </Text>
    <View
      accessibilityState={
        {
          "busy": undefined,
          "checked": undefined,
          "disabled": undefined,
          "expanded": undefined,
          "selected": undefined,
        }
      }
      accessibilityValue={
        {
          "max": undefined,
          "min": undefined,
          "now": undefined,
          "text": undefined,
        }
      }
      accessible={true}
      collapsable={false}
      focusable={true}
      onBlur={[Function]}
      onClick={[Function]}
      onFocus={[Function]}
      onResponderGrant={[Function]}
      onResponderMove={[Function]}
      onResponderRelease={[Function]}
      onResponderTerminate={[Function]}
      onResponderTerminationRequest={[Function]}
      onStartShouldSetResponder={[Function]}
      style={
        {
          "alignItems": "center",
          "backgroundColor": "#dc262620",
          "borderRadius": 12,
          "height": 40,
          "justifyContent": "center",
          "width": 40,
        }
      }
    >
      <Text
        style={
          {
            "fontSize": 18,
          }
        }
      >
        🚪
      </Text>
    </View>
  </View>
  <RCTScrollView
    showsVerticalScrollIndicator={false}
    style={
      {
        "flex": 1,
      }
    }
  >
    <View>
      <View
        style={
          {
            "flexDirection": "row",
            "gap": 12,
            "paddingHorizontal": 12,
            "paddingVertical": 12,
          }
        }
      >
        <View
          style={
            {
              "alignItems": "center",
              "backgroundColor": "#f0f4f1",
              "borderRadius": 12,
              "flex": 1,
              "gap": 4,
              "paddingVertical": 16,
            }
          }
        >
          <Text
            style={
              {
                "color": "#1a4d2e",
                "fontSize": 24,
                "fontWeight": "700",
              }
            }
          >
            1
          </Text>
          <Text
            style={
              {
                "color": "#1a4d2e70",
                "fontSize": 12,
              }
            }
          >
            Pending
          </Text>
        </View>
        <View
          style={
            {
              "alignItems": "center",
              "backgroundColor": "#f0f4f1",
              "borderRadius": 12,
              "flex": 1,
              "gap": 4,
              "paddingVertical": 16,
            }
          }
        >
          <Text
            style={
              {
                "color": "#1a4d2e",
                "fontSize": 24,
                "fontWeight": "700",
              }
            }
          >
            1
          </Text>
          <Text
            style={
              {
                "color": "#1a4d2e70",
                "fontSize": 12,
              }
            }
          >
            Investigating
          </Text>
        </View>
        <View
          style={
            {
              "alignItems": "center",
              "backgroundColor": "#f0f4f1",
              "borderRadius": 12,
              "flex": 1,
              "gap": 4,
              "paddingVertical": 16,
            }
          }
        >
          <Text
            style={
              {
                "color": "#1a4d2e",
                "fontSize": 24,
                "fontWeight": "700",
              }
            }
          >
            1
          </Text>
          <Text
            style={
              {
                "color": "#1a4d2e70",
                "fontSize": 12,
              }
            }
          >
            Resolved
          </Text>
        </View>
      </View>
      <View
        style={
          {
            "marginHorizontal": 12,
            "marginVertical": 12,
          }
        }
      >
        <Text
          style={
            {
              "color": "#1a4d2e",
              "fontSize": 16,
              "fontWeight": "600",
              "marginBottom": 12,
            }
          }
        >
          All Reports
        </Text>
        <RCTScrollView
          contentContainerStyle={
            {
              "gap": 12,
            }
          }
          data={
            [
              {
                "description": "User was disrespectful during ride",
                "evidence": "Chat logs available",
                "id": "1",
                "reason": "Inappropriate Behavior",
                "reportedUserName": "Alex P.",
                "reporterName": "John D.",
                "status": "pending",
                "timestamp": "2 hours ago",
              },
              {
                "description": "Unsafe driving reported",
                "evidence": "Multiple witness accounts",
                "id": "2",
                "reason": "Safety Concern",
                "reportedUserName": "Tom K.",
                "reporterName": "Sarah M.",
                "status": "investigating",
                "timestamp": "4 hours ago",
              },
              {
                "description": "Vehicle damage reported",
                "evidence": "Photos attached",
                "id": "3",
                "reason": "Damage Report",
                "reportedUserName": "Mike J.",
                "reporterName": "Emma W.",
                "status": "approved",
                "timestamp": "1 day ago",
              },
            ]
          }
          getItem={[Function]}
          getItemCount={[Function]}
          keyExtractor={[Function]}
          onContentSizeChange={[Function]}
          onLayout={[Function]}
          onMomentumScrollBegin={[Function]}
          onMomentumScrollEnd={[Function]}
          onScroll={[Function]}
          onScrollBeginDrag={[Function]}
          onScrollEndDrag={[Function]}
          removeClippedSubviews={false}
          renderItem={[Function]}
          scrollEnabled={false}
          scrollEventThrottle={0.0001}
          stickyHeaderIndices={[]}
          viewabilityConfigCallbackPairs={[]}
        >
          <View>
            <View
              onFocusCapture={[Function]}
              onLayout={[Function]}
              style={null}
            >
              <View
                accessibilityState={
                  {
                    "busy": undefined,
                    "checked": undefined,
                    "disabled": undefined,
                    "expanded": undefined,
                    "selected": undefined,
                  }
                }
                accessibilityValue={
                  {
                    "max": undefined,
                    "min": undefined,
                    "now": undefined,
                    "text": undefined,
                  }
                }
                accessible={true}
                collapsable={false}
                focusable={true}
                onBlur={[Function]}
                onClick={[Function]}
                onFocus={[Function]}
                onResponderGrant={[Function]}
                onResponderMove={[Function]}
                onResponderRelease={[Function]}
                onResponderTerminate={[Function]}
                onResponderTerminationRequest={[Function]}
                onStartShouldSetResponder={[Function]}
                style={
                  {
                    "backgroundColor": "#ffffff",
                    "borderColor": "#1a4d2e33",
                    "borderRadius": 12,
                    "borderWidth": 1,
                    "gap": 8,
                    "padding": 12,
                  }
                }
              >
                <View
                  style={
                    {
                      "alignItems": "flex-start",
                      "flexDirection": "row",
                      "justifyContent": "space-between",
                    }
                  }
                >
                  <View
                    style={
                      {
                        "flex": 1,
                        "gap": 4,
                      }
                    }
                  >
                    <Text
                      style={
                        {
                          "color": "#1a4d2e",
                          "fontSize": 16,
                          "fontWeight": "600",
                        }
                      }
                    >
                      Alex P.
                    </Text>
                    <Text
                      style={
                        {
                          "color": "#1a4d2e70",
                          "fontSize": 14,
                        }
                      }
                    >
                      Reported by 
                      John D.
                    </Text>
                  </View>
                  <View
                    style={
                      [
                        {
                          "borderRadius": 999,
                          "paddingHorizontal": 12,
                          "paddingVertical": 4,
                        },
                        {
                          "backgroundColor": "#fbbf2420",
                        },
                      ]
                    }
                  >
                    <Text
                      style={
                        [
                          {
                            "fontSize": 12,
                            "fontWeight": "600",
                          },
                          {
                            "color": "#fbbf24",
                          },
                        ]
                      }
                    >
                      Pending
                    </Text>
                  </View>
                </View>
                <Text
                  style={
                    {
                      "color": "#1a4d2e",
                      "fontSize": 14,
                    }
                  }
                >
                  Reason: 
                  Inappropriate Behavior
                </Text>
                <Text
                  style={
                    {
                      "color": "#1a4d2e70",
                      "fontSize": 12,
                    }
                  }
                >
                  2 hours ago
                </Text>
              </View>
            </View>
            <View
              onFocusCapture={[Function]}
              onLayout={[Function]}
              style={null}
            >
              <View
                accessibilityState={
                  {
                    "busy": undefined,
                    "checked": undefined,
                    "disabled": undefined,
                    "expanded": undefined,
                    "selected": undefined,
                  }
                }
                accessibilityValue={
                  {
                    "max": undefined,
                    "min": undefined,
                    "now": undefined,
                    "text": undefined,
                  }
                }
                accessible={true}
                collapsable={false}
                focusable={true}
                onBlur={[Function]}
                onClick={[Function]}
                onFocus={[Function]}
                onResponderGrant={[Function]}
                onResponderMove={[Function]}
                onResponderRelease={[Function]}
                onResponderTerminate={[Function]}
                onResponderTerminationRequest={[Function]}
                onStartShouldSetResponder={[Function]}
                style={
                  {
                    "backgroundColor": "#ffffff",
                    "borderColor": "#1a4d2e33",
                    "borderRadius": 12,
                    "borderWidth": 1,
                    "gap": 8,
                    "padding": 12,
                  }
                }
              >
                <View
                  style={
                    {
                      "alignItems": "flex-start",
                      "flexDirection": "row",
                      "justifyContent": "space-between",
                    }
                  }
                >
                  <View
                    style={
                      {
                        "flex": 1,
                        "gap": 4,
                      }
                    }
                  >
                    <Text
                      style={
                        {
                          "color": "#1a4d2e",
                          "fontSize": 16,
                          "fontWeight": "600",
                        }
                      }
                    >
                      Tom K.
                    </Text>
                    <Text
                      style={
                        {
                          "color": "#1a4d2e70",
                          "fontSize": 14,
                        }
                      }
                    >
                      Reported by 
                      Sarah M.
                    </Text>
                  </View>
                  <View
                    style={
                      [
                        {
                          "borderRadius": 999,
                          "paddingHorizontal": 12,
                          "paddingVertical": 4,
                        },
                        {
                          "backgroundColor": "#3b82f620",
                        },
                      ]
                    }
                  >
                    <Text
                      style={
                        [
                          {
                            "fontSize": 12,
                            "fontWeight": "600",
                          },
                          {
                            "color": "#3b82f6",
                          },
                        ]
                      }
                    >
                      Investigating
                    </Text>
                  </View>
                </View>
                <Text
                  style={
                    {
                      "color": "#1a4d2e",
                      "fontSize": 14,
                    }
                  }
                >
                  Reason: 
                  Safety Concern
                </Text>
                <Text
                  style={
                    {
                      "color": "#1a4d2e70",
                      "fontSize": 12,
                    }
                  }
                >
                  4 hours ago
                </Text>
              </View>
            </View>
            <View
              onFocusCapture={[Function]}
              onLayout={[Function]}
              style={null}
            >
              <View
                accessibilityState={
                  {
                    "busy": undefined,
                    "checked": undefined,
                    "disabled": undefined,
                    "expanded": undefined,
                    "selected": undefined,
                  }
                }
                accessibilityValue={
                  {
                    "max": undefined,
                    "min": undefined,
                    "now": undefined,
                    "text": undefined,
                  }
                }
                accessible={true}
                collapsable={false}
                focusable={true}
                onBlur={[Function]}
                onClick={[Function]}
                onFocus={[Function]}
                onResponderGrant={[Function]}
                onResponderMove={[Function]}
                onResponderRelease={[Function]}
                onResponderTerminate={[Function]}
                onResponderTerminationRequest={[Function]}
                onStartShouldSetResponder={[Function]}
                style={
                  {
                    "backgroundColor": "#ffffff",
                    "borderColor": "#1a4d2e33",
                    "borderRadius": 12,
                    "borderWidth": 1,
                    "gap": 8,
                    "padding": 12,
                  }
                }
              >
                <View
                  style={
                    {
                      "alignItems": "flex-start",
                      "flexDirection": "row",
                      "justifyContent": "space-between",
                    }
                  }
                >
                  <View
                    style={
                      {
                        "flex": 1,
                        "gap": 4,
                      }
                    }
                  >
                    <Text
                      style={
                        {
                          "color": "#1a4d2e",
                          "fontSize": 16,
                          "fontWeight": "600",
                        }
                      }
                    >
                      Mike J.
                    </Text>
                    <Text
                      style={
                        {
                          "color": "#1a4d2e70",
                          "fontSize": 14,
                        }
                      }
                    >
                      Reported by 
                      Emma W.
                    </Text>
                  </View>
                  <View
                    style={
                      [
                        {
                          "borderRadius": 999,
                          "paddingHorizontal": 12,
                          "paddingVertical": 4,
                        },
                        {
                          "backgroundColor": "#0ea57420",
                        },
                      ]
                    }
                  >
                    <Text
                      style={
                        [
                          {
                            "fontSize": 12,
                            "fontWeight": "600",
                          },
                          {
                            "color": "#0ea574",
                          },
                        ]
                      }
                    >
                      Approved
                    </Text>
                  </View>
                </View>
                <Text
                  style={
                    {
                      "color": "#1a4d2e",
                      "fontSize": 14,
                    }
                  }
                >
                  Reason: 
                  Damage Report
                </Text>
                <Text
                  style={
                    {
                      "color": "#1a4d2e70",
                      "fontSize": 12,
                    }
                  }
                >
                  1 day ago
                </Text>
              </View>
            </View>
          </View>
        </RCTScrollView>
      </View>
      <View
        style={
          {
            "height": 20,
          }
        }
      />
    </View>
  </RCTScrollView>
</RCTSafeAreaView>
`;
