// Jest Snapshot v1, https://goo.gl/fbAQLP

exports[`renders CreateGroupPage correctly (snapshot test) 1`] = `
<RCTSafeAreaView
  style={
    {
      "backgroundColor": "#ffffff",
      "flex": 1,
    }
  }
>
  <View
    style={
      {
        "alignItems": "center",
        "backgroundColor": "#ffffff",
        "borderBottomColor": "#1a4d2e33",
        "borderBottomWidth": 1,
        "flexDirection": "row",
        "justifyContent": "space-between",
        "paddingHorizontal": 12,
        "paddingVertical": 12,
      }
    }
  >
    <View
      accessibilityState={
        {
          "busy": undefined,
          "checked": undefined,
          "disabled": undefined,
          "expanded": undefined,
          "selected": undefined,
        }
      }
      accessibilityValue={
        {
          "max": undefined,
          "min": undefined,
          "now": undefined,
          "text": undefined,
        }
      }
      accessible={true}
      collapsable={false}
      focusable={true}
      onBlur={[Function]}
      onClick={[Function]}
      onFocus={[Function]}
      onResponderGrant={[Function]}
      onResponderMove={[Function]}
      onResponderRelease={[Function]}
      onResponderTerminate={[Function]}
      onResponderTerminationRequest={[Function]}
      onStartShouldSetResponder={[Function]}
      style={
        {
          "flex": 1,
        }
      }
    >
      <View
        style={
          {
            "gap": 4,
          }
        }
      >
        <Text
          style={
            {
              "color": "#1a4d2e",
              "fontSize": 16,
              "fontWeight": "600",
            }
          }
        >
          Current Ride Groups
        </Text>
        <Text
          style={
            {
              "color": "#1a4d2e70",
              "fontSize": 14,
            }
          }
        >
          Leaving now
        </Text>
      </View>
    </View>
    <View
      style={
        {
          "flexDirection": "row",
          "gap": 12,
        }
      }
    >
      <View
        accessibilityState={
          {
            "busy": undefined,
            "checked": undefined,
            "disabled": undefined,
            "expanded": undefined,
            "selected": undefined,
          }
        }
        accessibilityValue={
          {
            "max": undefined,
            "min": undefined,
            "now": undefined,
            "text": undefined,
          }
        }
        accessible={true}
        collapsable={false}
        focusable={true}
        onBlur={[Function]}
        onClick={[Function]}
        onFocus={[Function]}
        onResponderGrant={[Function]}
        onResponderMove={[Function]}
        onResponderRelease={[Function]}
        onResponderTerminate={[Function]}
        onResponderTerminationRequest={[Function]}
        onStartShouldSetResponder={[Function]}
        style={
          {
            "backgroundColor": "#f0f4f1",
            "borderRadius": 8,
            "padding": 8,
          }
        }
      >
        <Text
          style={
            {
              "fontSize": 18,
            }
          }
        >
          ⚙️
        </Text>
      </View>
      <View
        accessibilityState={
          {
            "busy": undefined,
            "checked": undefined,
            "disabled": undefined,
            "expanded": undefined,
            "selected": undefined,
          }
        }
        accessibilityValue={
          {
            "max": undefined,
            "min": undefined,
            "now": undefined,
            "text": undefined,
          }
        }
        accessible={true}
        collapsable={false}
        focusable={true}
        onBlur={[Function]}
        onClick={[Function]}
        onFocus={[Function]}
        onResponderGrant={[Function]}
        onResponderMove={[Function]}
        onResponderRelease={[Function]}
        onResponderTerminate={[Function]}
        onResponderTerminationRequest={[Function]}
        onStartShouldSetResponder={[Function]}
        style={
          {
            "backgroundColor": "#f0f4f1",
            "borderRadius": 8,
            "padding": 8,
          }
        }
      >
        <Text
          style={
            {
              "fontSize": 18,
            }
          }
        >
          👤
        </Text>
      </View>
    </View>
  </View>
  <View
    style={
      {
        "backgroundColor": "#ffffff",
        "borderBottomColor": "#1a4d2e33",
        "borderBottomWidth": 1,
        "gap": 12,
        "paddingHorizontal": 12,
        "paddingVertical": 12,
      }
    }
  >
    <View
      style={
        {
          "alignItems": "center",
          "backgroundColor": "#ffffff",
          "borderColor": "#1a4d2e33",
          "borderRadius": 8,
          "borderWidth": 1,
          "flexDirection": "row",
          "paddingHorizontal": 12,
        }
      }
    >
      <Text
        style={
          {
            "fontSize": 18,
            "marginRight": 8,
          }
        }
      >
        📍
      </Text>
      <TextInput
        onChangeText={[Function]}
        placeholder="Where are you?"
        placeholderTextColor="#1a4d2e70"
        style={
          {
            "color": "#1a4d2e",
            "flex": 1,
            "fontSize": 16,
            "paddingVertical": 12,
          }
        }
        value=""
      />
    </View>
    <View
      style={
        {
          "alignItems": "center",
          "backgroundColor": "#ffffff",
          "borderColor": "#1a4d2e33",
          "borderRadius": 8,
          "borderWidth": 1,
          "flexDirection": "row",
          "paddingHorizontal": 12,
        }
      }
    >
      <Text
        style={
          {
            "fontSize": 18,
            "marginRight": 8,
          }
        }
      >
        🎯
      </Text>
      <TextInput
        onChangeText={[Function]}
        placeholder="Where do you want to go?"
        placeholderTextColor="#1a4d2e70"
        style={
          {
            "color": "#1a4d2e",
            "flex": 1,
            "fontSize": 16,
            "paddingVertical": 12,
          }
        }
        value=""
      />
    </View>
  </View>
  <View
    style={
      {
        "backgroundColor": "#ffffff",
        "borderBottomColor": "#1a4d2e33",
        "borderBottomWidth": 1,
        "paddingHorizontal": 12,
        "paddingVertical": 12,
      }
    }
  >
    <Text
      style={
        {
          "color": "#1a4d2e",
          "fontSize": 14,
          "fontWeight": "600",
          "marginBottom": 12,
        }
      }
    >
      Filters
    </Text>
    <View
      style={
        {
          "flexDirection": "row",
          "flexWrap": "wrap",
          "gap": 12,
        }
      }
    >
      <View
        accessibilityState={
          {
            "busy": undefined,
            "checked": undefined,
            "disabled": undefined,
            "expanded": undefined,
            "selected": undefined,
          }
        }
        accessibilityValue={
          {
            "max": undefined,
            "min": undefined,
            "now": undefined,
            "text": undefined,
          }
        }
        accessible={true}
        collapsable={false}
        focusable={true}
        onBlur={[Function]}
        onClick={[Function]}
        onFocus={[Function]}
        onResponderGrant={[Function]}
        onResponderMove={[Function]}
        onResponderRelease={[Function]}
        onResponderTerminate={[Function]}
        onResponderTerminationRequest={[Function]}
        onStartShouldSetResponder={[Function]}
        style={
          [
            {
              "backgroundColor": "#f0f4f1",
              "borderRadius": 999,
              "paddingHorizontal": 12,
              "paddingVertical": 8,
            },
            false,
          ]
        }
      >
        <Text
          style={
            {
              "color": "#1a4d2e",
              "fontSize": 14,
              "fontWeight": "500",
            }
          }
        >
          Female Only
        </Text>
      </View>
      <View
        accessibilityState={
          {
            "busy": undefined,
            "checked": undefined,
            "disabled": undefined,
            "expanded": undefined,
            "selected": undefined,
          }
        }
        accessibilityValue={
          {
            "max": undefined,
            "min": undefined,
            "now": undefined,
            "text": undefined,
          }
        }
        accessible={true}
        collapsable={false}
        focusable={true}
        onBlur={[Function]}
        onClick={[Function]}
        onFocus={[Function]}
        onResponderGrant={[Function]}
        onResponderMove={[Function]}
        onResponderRelease={[Function]}
        onResponderTerminate={[Function]}
        onResponderTerminationRequest={[Function]}
        onStartShouldSetResponder={[Function]}
        style={
          [
            {
              "backgroundColor": "#f0f4f1",
              "borderRadius": 999,
              "paddingHorizontal": 12,
              "paddingVertical": 8,
            },
            false,
          ]
        }
      >
        <Text
          style={
            {
              "color": "#1a4d2e",
              "fontSize": 14,
              "fontWeight": "500",
            }
          }
        >
          Alcohol Free
        </Text>
      </View>
      <View
        accessibilityState={
          {
            "busy": undefined,
            "checked": undefined,
            "disabled": undefined,
            "expanded": undefined,
            "selected": undefined,
          }
        }
        accessibilityValue={
          {
            "max": undefined,
            "min": undefined,
            "now": undefined,
            "text": undefined,
          }
        }
        accessible={true}
        collapsable={false}
        focusable={true}
        onBlur={[Function]}
        onClick={[Function]}
        onFocus={[Function]}
        onResponderGrant={[Function]}
        onResponderMove={[Function]}
        onResponderRelease={[Function]}
        onResponderTerminate={[Function]}
        onResponderTerminationRequest={[Function]}
        onStartShouldSetResponder={[Function]}
        style={
          [
            {
              "backgroundColor": "#f0f4f1",
              "borderRadius": 999,
              "paddingHorizontal": 12,
              "paddingVertical": 8,
            },
            false,
          ]
        }
      >
        <Text
          style={
            {
              "color": "#1a4d2e",
              "fontSize": 14,
              "fontWeight": "500",
            }
          }
        >
          Same Course as Me
        </Text>
      </View>
    </View>
  </View>
  <RCTScrollView
    contentContainerStyle={
      {
        "gap": 12,
        "paddingHorizontal": 12,
        "paddingVertical": 12,
      }
    }
    data={
      [
        {
          "currentPassengers": 2,
          "destination": "Downtown Financial District",
          "driverInitial": "S",
          "driverName": "Sarah M.",
          "driverTrips": 234,
          "id": "1",
          "leavingIn": 5,
          "maxPassengers": 4,
          "pickup": "North Station - Main Entrance",
          "price": 8,
          "tags": [
            "Female Only",
            "Alcohol Free",
          ],
        },
        {
          "currentPassengers": 3,
          "destination": "Tech Campus - Bay Area",
          "driverInitial": "J",
          "driverName": "James K.",
          "driverTrips": 189,
          "id": "2",
          "leavingIn": 8,
          "maxPassengers": 4,
          "pickup": "Central Square - Starbucks",
          "price": 12,
          "tags": [],
        },
        {
          "currentPassengers": 1,
          "destination": "Airport Terminal 2",
          "driverInitial": "M",
          "driverName": "Maria L.",
          "driverTrips": 412,
          "id": "3",
          "leavingIn": 3,
          "maxPassengers": 3,
          "pickup": "East Side Plaza - Parking Lot B",
          "price": 15,
          "tags": [
            "Alcohol Free",
          ],
        },
        {
          "currentPassengers": 2,
          "destination": "Shopping Mall - Westfield",
          "driverInitial": "A",
          "driverName": "Alex T.",
          "driverTrips": 156,
          "id": "4",
          "leavingIn": 2,
          "maxPassengers": 4,
          "pickup": "University Campus - Main Gate",
          "price": 10,
          "tags": [
            "Alcohol Free",
          ],
        },
      ]
    }
    getItem={[Function]}
    getItemCount={[Function]}
    keyExtractor={[Function]}
    onContentSizeChange={[Function]}
    onLayout={[Function]}
    onMomentumScrollBegin={[Function]}
    onMomentumScrollEnd={[Function]}
    onScroll={[Function]}
    onScrollBeginDrag={[Function]}
    onScrollEndDrag={[Function]}
    removeClippedSubviews={false}
    renderItem={[Function]}
    scrollEnabled={false}
    scrollEventThrottle={0.0001}
    stickyHeaderIndices={[]}
    viewabilityConfigCallbackPairs={[]}
  >
    <View>
      <View
        onFocusCapture={[Function]}
        onLayout={[Function]}
        style={null}
      >
        <View
          accessibilityState={
            {
              "busy": undefined,
              "checked": undefined,
              "disabled": undefined,
              "expanded": undefined,
              "selected": undefined,
            }
          }
          accessibilityValue={
            {
              "max": undefined,
              "min": undefined,
              "now": undefined,
              "text": undefined,
            }
          }
          accessible={true}
          collapsable={false}
          focusable={true}
          onBlur={[Function]}
          onClick={[Function]}
          onFocus={[Function]}
          onResponderGrant={[Function]}
          onResponderMove={[Function]}
          onResponderRelease={[Function]}
          onResponderTerminate={[Function]}
          onResponderTerminationRequest={[Function]}
          onStartShouldSetResponder={[Function]}
          style={
            {
              "backgroundColor": "#ffffff",
              "borderColor": "#1a4d2e33",
              "borderRadius": 12,
              "borderWidth": 1,
              "marginBottom": 12,
              "padding": 12,
            }
          }
        >
          <View
            style={
              {
                "flexDirection": "row",
                "gap": 12,
                "justifyContent": "space-between",
              }
            }
          >
            <View
              style={
                {
                  "flex": 1,
                  "gap": 12,
                }
              }
            >
              <View
                style={
                  {
                    "gap": 4,
                  }
                }
              >
                <Text
                  style={
                    {
                      "color": "#1a4d2e70",
                      "fontSize": 14,
                    }
                  }
                >
                  Going to
                </Text>
                <Text
                  style={
                    {
                      "color": "#1a4d2e",
                      "fontSize": 16,
                      "fontWeight": "600",
                      "marginTop": 4,
                    }
                  }
                >
                  Downtown Financial District
                </Text>
              </View>
              <View
                style={
                  {
                    "gap": 4,
                  }
                }
              >
                <Text
                  style={
                    {
                      "color": "#1a4d2e70",
                      "fontSize": 14,
                    }
                  }
                >
                  Pickup
                </Text>
                <Text
                  style={
                    {
                      "color": "#1a4d2e",
                      "fontSize": 16,
                      "fontWeight": "600",
                      "marginTop": 4,
                    }
                  }
                >
                  North Station - Main Entrance
                </Text>
              </View>
            </View>
            <View
              style={
                {
                  "alignItems": "flex-end",
                  "gap": 4,
                }
              }
            >
              <Text
                style={
                  {
                    "color": "#1a4d2e",
                    "fontSize": 24,
                    "fontWeight": "700",
                  }
                }
              >
                £
                8
              </Text>
              <Text
                style={
                  {
                    "color": "#1a4d2e70",
                    "fontSize": 12,
                  }
                }
              >
                per person
              </Text>
            </View>
          </View>
          <View
            style={
              {
                "backgroundColor": "#1a4d2e33",
                "height": 1,
                "marginVertical": 12,
              }
            }
          />
          <View
            style={
              {
                "alignItems": "center",
                "flexDirection": "row",
                "justifyContent": "space-between",
                "paddingVertical": 12,
              }
            }
          >
            <View
              style={
                {
                  "flexDirection": "row",
                  "gap": 12,
                }
              }
            >
              <View
                style={
                  {
                    "paddingHorizontal": 12,
                    "paddingVertical": 8,
                  }
                }
              >
                <Text
                  style={
                    {
                      "color": "#0ea574",
                      "fontSize": 14,
                      "fontWeight": "500",
                    }
                  }
                >
                  ⏱ Leaving in 
                  5
                   min
                </Text>
              </View>
              <View
                style={
                  {
                    "paddingHorizontal": 12,
                    "paddingVertical": 8,
                  }
                }
              >
                <Text
                  style={
                    {
                      "color": "#0ea574",
                      "fontSize": 14,
                      "fontWeight": "500",
                    }
                  }
                >
                  👥 
                  2
                  /
                  4
                </Text>
              </View>
            </View>
            <View
              style={
                {
                  "flexDirection": "row",
                  "gap": 8,
                }
              }
            >
              <View
                style={
                  [
                    {
                      "borderRadius": 999,
                      "paddingHorizontal": 12,
                      "paddingVertical": 8,
                    },
                    {
                      "backgroundColor": "#f0f4f1",
                    },
                  ]
                }
              >
                <Text
                  style={
                    [
                      {
                        "fontSize": 12,
                        "fontWeight": "500",
                      },
                      {
                        "color": "#1a4d2e",
                      },
                    ]
                  }
                >
                  Female Only
                </Text>
              </View>
              <View
                style={
                  [
                    {
                      "borderRadius": 999,
                      "paddingHorizontal": 12,
                      "paddingVertical": 8,
                    },
                    {
                      "backgroundColor": "#0ea57420",
                    },
                  ]
                }
              >
                <Text
                  style={
                    [
                      {
                        "fontSize": 12,
                        "fontWeight": "500",
                      },
                      {
                        "color": "#0ea574",
                      },
                    ]
                  }
                >
                  Alcohol Free
                </Text>
              </View>
            </View>
          </View>
          <View
            style={
              {
                "backgroundColor": "#1a4d2e33",
                "height": 1,
                "marginVertical": 12,
              }
            }
          />
          <View
            style={
              {
                "alignItems": "center",
                "flexDirection": "row",
                "gap": 12,
                "paddingTop": 12,
              }
            }
          >
            <View
              style={
                {
                  "alignItems": "center",
                  "backgroundColor": "#1a4d2e",
                  "borderRadius": 999,
                  "height": 40,
                  "justifyContent": "center",
                  "width": 40,
                }
              }
            >
              <Text
                style={
                  {
                    "color": "#ffffff",
                    "fontSize": 16,
                    "fontWeight": "700",
                  }
                }
              >
                S
              </Text>
              <View
                style={
                  {
                    "alignItems": "center",
                    "backgroundColor": "#fcd34d",
                    "borderRadius": 999,
                    "height": 28,
                    "justifyContent": "center",
                    "position": "absolute",
                    "right": -8,
                    "top": -8,
                    "width": 28,
                  }
                }
              >
                <Text
                  style={
                    {
                      "fontSize": 14,
                    }
                  }
                >
                  ⭐
                </Text>
              </View>
            </View>
            <View
              style={
                {
                  "flex": 1,
                  "gap": 4,
                }
              }
            >
              <Text
                style={
                  {
                    "color": "#1a4d2e",
                    "fontSize": 14,
                    "fontWeight": "600",
                  }
                }
              >
                Sarah M.
              </Text>
              <Text
                style={
                  {
                    "color": "#1a4d2e70",
                    "fontSize": 12,
                  }
                }
              >
                234
                 trips
              </Text>
            </View>
          </View>
        </View>
      </View>
      <View
        onFocusCapture={[Function]}
        onLayout={[Function]}
        style={null}
      >
        <View
          accessibilityState={
            {
              "busy": undefined,
              "checked": undefined,
              "disabled": undefined,
              "expanded": undefined,
              "selected": undefined,
            }
          }
          accessibilityValue={
            {
              "max": undefined,
              "min": undefined,
              "now": undefined,
              "text": undefined,
            }
          }
          accessible={true}
          collapsable={false}
          focusable={true}
          onBlur={[Function]}
          onClick={[Function]}
          onFocus={[Function]}
          onResponderGrant={[Function]}
          onResponderMove={[Function]}
          onResponderRelease={[Function]}
          onResponderTerminate={[Function]}
          onResponderTerminationRequest={[Function]}
          onStartShouldSetResponder={[Function]}
          style={
            {
              "backgroundColor": "#ffffff",
              "borderColor": "#1a4d2e33",
              "borderRadius": 12,
              "borderWidth": 1,
              "marginBottom": 12,
              "padding": 12,
            }
          }
        >
          <View
            style={
              {
                "flexDirection": "row",
                "gap": 12,
                "justifyContent": "space-between",
              }
            }
          >
            <View
              style={
                {
                  "flex": 1,
                  "gap": 12,
                }
              }
            >
              <View
                style={
                  {
                    "gap": 4,
                  }
                }
              >
                <Text
                  style={
                    {
                      "color": "#1a4d2e70",
                      "fontSize": 14,
                    }
                  }
                >
                  Going to
                </Text>
                <Text
                  style={
                    {
                      "color": "#1a4d2e",
                      "fontSize": 16,
                      "fontWeight": "600",
                      "marginTop": 4,
                    }
                  }
                >
                  Tech Campus - Bay Area
                </Text>
              </View>
              <View
                style={
                  {
                    "gap": 4,
                  }
                }
              >
                <Text
                  style={
                    {
                      "color": "#1a4d2e70",
                      "fontSize": 14,
                    }
                  }
                >
                  Pickup
                </Text>
                <Text
                  style={
                    {
                      "color": "#1a4d2e",
                      "fontSize": 16,
                      "fontWeight": "600",
                      "marginTop": 4,
                    }
                  }
                >
                  Central Square - Starbucks
                </Text>
              </View>
            </View>
            <View
              style={
                {
                  "alignItems": "flex-end",
                  "gap": 4,
                }
              }
            >
              <Text
                style={
                  {
                    "color": "#1a4d2e",
                    "fontSize": 24,
                    "fontWeight": "700",
                  }
                }
              >
                £
                12
              </Text>
              <Text
                style={
                  {
                    "color": "#1a4d2e70",
                    "fontSize": 12,
                  }
                }
              >
                per person
              </Text>
            </View>
          </View>
          <View
            style={
              {
                "backgroundColor": "#1a4d2e33",
                "height": 1,
                "marginVertical": 12,
              }
            }
          />
          <View
            style={
              {
                "alignItems": "center",
                "flexDirection": "row",
                "justifyContent": "space-between",
                "paddingVertical": 12,
              }
            }
          >
            <View
              style={
                {
                  "flexDirection": "row",
                  "gap": 12,
                }
              }
            >
              <View
                style={
                  {
                    "paddingHorizontal": 12,
                    "paddingVertical": 8,
                  }
                }
              >
                <Text
                  style={
                    {
                      "color": "#0ea574",
                      "fontSize": 14,
                      "fontWeight": "500",
                    }
                  }
                >
                  ⏱ Leaving in 
                  8
                   min
                </Text>
              </View>
              <View
                style={
                  {
                    "paddingHorizontal": 12,
                    "paddingVertical": 8,
                  }
                }
              >
                <Text
                  style={
                    {
                      "color": "#0ea574",
                      "fontSize": 14,
                      "fontWeight": "500",
                    }
                  }
                >
                  👥 
                  3
                  /
                  4
                </Text>
              </View>
            </View>
          </View>
          <View
            style={
              {
                "backgroundColor": "#1a4d2e33",
                "height": 1,
                "marginVertical": 12,
              }
            }
          />
          <View
            style={
              {
                "alignItems": "center",
                "flexDirection": "row",
                "gap": 12,
                "paddingTop": 12,
              }
            }
          >
            <View
              style={
                {
                  "alignItems": "center",
                  "backgroundColor": "#1a4d2e",
                  "borderRadius": 999,
                  "height": 40,
                  "justifyContent": "center",
                  "width": 40,
                }
              }
            >
              <Text
                style={
                  {
                    "color": "#ffffff",
                    "fontSize": 16,
                    "fontWeight": "700",
                  }
                }
              >
                J
              </Text>
              <View
                style={
                  {
                    "alignItems": "center",
                    "backgroundColor": "#fcd34d",
                    "borderRadius": 999,
                    "height": 28,
                    "justifyContent": "center",
                    "position": "absolute",
                    "right": -8,
                    "top": -8,
                    "width": 28,
                  }
                }
              >
                <Text
                  style={
                    {
                      "fontSize": 14,
                    }
                  }
                >
                  ⭐
                </Text>
              </View>
            </View>
            <View
              style={
                {
                  "flex": 1,
                  "gap": 4,
                }
              }
            >
              <Text
                style={
                  {
                    "color": "#1a4d2e",
                    "fontSize": 14,
                    "fontWeight": "600",
                  }
                }
              >
                James K.
              </Text>
              <Text
                style={
                  {
                    "color": "#1a4d2e70",
                    "fontSize": 12,
                  }
                }
              >
                189
                 trips
              </Text>
            </View>
          </View>
        </View>
      </View>
      <View
        onFocusCapture={[Function]}
        onLayout={[Function]}
        style={null}
      >
        <View
          accessibilityState={
            {
              "busy": undefined,
              "checked": undefined,
              "disabled": undefined,
              "expanded": undefined,
              "selected": undefined,
            }
          }
          accessibilityValue={
            {
              "max": undefined,
              "min": undefined,
              "now": undefined,
              "text": undefined,
            }
          }
          accessible={true}
          collapsable={false}
          focusable={true}
          onBlur={[Function]}
          onClick={[Function]}
          onFocus={[Function]}
          onResponderGrant={[Function]}
          onResponderMove={[Function]}
          onResponderRelease={[Function]}
          onResponderTerminate={[Function]}
          onResponderTerminationRequest={[Function]}
          onStartShouldSetResponder={[Function]}
          style={
            {
              "backgroundColor": "#ffffff",
              "borderColor": "#1a4d2e33",
              "borderRadius": 12,
              "borderWidth": 1,
              "marginBottom": 12,
              "padding": 12,
            }
          }
        >
          <View
            style={
              {
                "flexDirection": "row",
                "gap": 12,
                "justifyContent": "space-between",
              }
            }
          >
            <View
              style={
                {
                  "flex": 1,
                  "gap": 12,
                }
              }
            >
              <View
                style={
                  {
                    "gap": 4,
                  }
                }
              >
                <Text
                  style={
                    {
                      "color": "#1a4d2e70",
                      "fontSize": 14,
                    }
                  }
                >
                  Going to
                </Text>
                <Text
                  style={
                    {
                      "color": "#1a4d2e",
                      "fontSize": 16,
                      "fontWeight": "600",
                      "marginTop": 4,
                    }
                  }
                >
                  Airport Terminal 2
                </Text>
              </View>
              <View
                style={
                  {
                    "gap": 4,
                  }
                }
              >
                <Text
                  style={
                    {
                      "color": "#1a4d2e70",
                      "fontSize": 14,
                    }
                  }
                >
                  Pickup
                </Text>
                <Text
                  style={
                    {
                      "color": "#1a4d2e",
                      "fontSize": 16,
                      "fontWeight": "600",
                      "marginTop": 4,
                    }
                  }
                >
                  East Side Plaza - Parking Lot B
                </Text>
              </View>
            </View>
            <View
              style={
                {
                  "alignItems": "flex-end",
                  "gap": 4,
                }
              }
            >
              <Text
                style={
                  {
                    "color": "#1a4d2e",
                    "fontSize": 24,
                    "fontWeight": "700",
                  }
                }
              >
                £
                15
              </Text>
              <Text
                style={
                  {
                    "color": "#1a4d2e70",
                    "fontSize": 12,
                  }
                }
              >
                per person
              </Text>
            </View>
          </View>
          <View
            style={
              {
                "backgroundColor": "#1a4d2e33",
                "height": 1,
                "marginVertical": 12,
              }
            }
          />
          <View
            style={
              {
                "alignItems": "center",
                "flexDirection": "row",
                "justifyContent": "space-between",
                "paddingVertical": 12,
              }
            }
          >
            <View
              style={
                {
                  "flexDirection": "row",
                  "gap": 12,
                }
              }
            >
              <View
                style={
                  {
                    "paddingHorizontal": 12,
                    "paddingVertical": 8,
                  }
                }
              >
                <Text
                  style={
                    {
                      "color": "#0ea574",
                      "fontSize": 14,
                      "fontWeight": "500",
                    }
                  }
                >
                  ⏱ Leaving in 
                  3
                   min
                </Text>
              </View>
              <View
                style={
                  {
                    "paddingHorizontal": 12,
                    "paddingVertical": 8,
                  }
                }
              >
                <Text
                  style={
                    {
                      "color": "#0ea574",
                      "fontSize": 14,
                      "fontWeight": "500",
                    }
                  }
                >
                  👥 
                  1
                  /
                  3
                </Text>
              </View>
            </View>
            <View
              style={
                {
                  "flexDirection": "row",
                  "gap": 8,
                }
              }
            >
              <View
                style={
                  [
                    {
                      "borderRadius": 999,
                      "paddingHorizontal": 12,
                      "paddingVertical": 8,
                    },
                    {
                      "backgroundColor": "#0ea57420",
                    },
                  ]
                }
              >
                <Text
                  style={
                    [
                      {
                        "fontSize": 12,
                        "fontWeight": "500",
                      },
                      {
                        "color": "#0ea574",
                      },
                    ]
                  }
                >
                  Alcohol Free
                </Text>
              </View>
            </View>
          </View>
          <View
            style={
              {
                "backgroundColor": "#1a4d2e33",
                "height": 1,
                "marginVertical": 12,
              }
            }
          />
          <View
            style={
              {
                "alignItems": "center",
                "flexDirection": "row",
                "gap": 12,
                "paddingTop": 12,
              }
            }
          >
            <View
              style={
                {
                  "alignItems": "center",
                  "backgroundColor": "#1a4d2e",
                  "borderRadius": 999,
                  "height": 40,
                  "justifyContent": "center",
                  "width": 40,
                }
              }
            >
              <Text
                style={
                  {
                    "color": "#ffffff",
                    "fontSize": 16,
                    "fontWeight": "700",
                  }
                }
              >
                M
              </Text>
              <View
                style={
                  {
                    "alignItems": "center",
                    "backgroundColor": "#fcd34d",
                    "borderRadius": 999,
                    "height": 28,
                    "justifyContent": "center",
                    "position": "absolute",
                    "right": -8,
                    "top": -8,
                    "width": 28,
                  }
                }
              >
                <Text
                  style={
                    {
                      "fontSize": 14,
                    }
                  }
                >
                  ⭐
                </Text>
              </View>
            </View>
            <View
              style={
                {
                  "flex": 1,
                  "gap": 4,
                }
              }
            >
              <Text
                style={
                  {
                    "color": "#1a4d2e",
                    "fontSize": 14,
                    "fontWeight": "600",
                  }
                }
              >
                Maria L.
              </Text>
              <Text
                style={
                  {
                    "color": "#1a4d2e70",
                    "fontSize": 12,
                  }
                }
              >
                412
                 trips
              </Text>
            </View>
          </View>
        </View>
      </View>
      <View
        onFocusCapture={[Function]}
        onLayout={[Function]}
        style={null}
      >
        <View
          accessibilityState={
            {
              "busy": undefined,
              "checked": undefined,
              "disabled": undefined,
              "expanded": undefined,
              "selected": undefined,
            }
          }
          accessibilityValue={
            {
              "max": undefined,
              "min": undefined,
              "now": undefined,
              "text": undefined,
            }
          }
          accessible={true}
          collapsable={false}
          focusable={true}
          onBlur={[Function]}
          onClick={[Function]}
          onFocus={[Function]}
          onResponderGrant={[Function]}
          onResponderMove={[Function]}
          onResponderRelease={[Function]}
          onResponderTerminate={[Function]}
          onResponderTerminationRequest={[Function]}
          onStartShouldSetResponder={[Function]}
          style={
            {
              "backgroundColor": "#ffffff",
              "borderColor": "#1a4d2e33",
              "borderRadius": 12,
              "borderWidth": 1,
              "marginBottom": 12,
              "padding": 12,
            }
          }
        >
          <View
            style={
              {
                "flexDirection": "row",
                "gap": 12,
                "justifyContent": "space-between",
              }
            }
          >
            <View
              style={
                {
                  "flex": 1,
                  "gap": 12,
                }
              }
            >
              <View
                style={
                  {
                    "gap": 4,
                  }
                }
              >
                <Text
                  style={
                    {
                      "color": "#1a4d2e70",
                      "fontSize": 14,
                    }
                  }
                >
                  Going to
                </Text>
                <Text
                  style={
                    {
                      "color": "#1a4d2e",
                      "fontSize": 16,
                      "fontWeight": "600",
                      "marginTop": 4,
                    }
                  }
                >
                  Shopping Mall - Westfield
                </Text>
              </View>
              <View
                style={
                  {
                    "gap": 4,
                  }
                }
              >
                <Text
                  style={
                    {
                      "color": "#1a4d2e70",
                      "fontSize": 14,
                    }
                  }
                >
                  Pickup
                </Text>
                <Text
                  style={
                    {
                      "color": "#1a4d2e",
                      "fontSize": 16,
                      "fontWeight": "600",
                      "marginTop": 4,
                    }
                  }
                >
                  University Campus - Main Gate
                </Text>
              </View>
            </View>
            <View
              style={
                {
                  "alignItems": "flex-end",
                  "gap": 4,
                }
              }
            >
              <Text
                style={
                  {
                    "color": "#1a4d2e",
                    "fontSize": 24,
                    "fontWeight": "700",
                  }
                }
              >
                £
                10
              </Text>
              <Text
                style={
                  {
                    "color": "#1a4d2e70",
                    "fontSize": 12,
                  }
                }
              >
                per person
              </Text>
            </View>
          </View>
          <View
            style={
              {
                "backgroundColor": "#1a4d2e33",
                "height": 1,
                "marginVertical": 12,
              }
            }
          />
          <View
            style={
              {
                "alignItems": "center",
                "flexDirection": "row",
                "justifyContent": "space-between",
                "paddingVertical": 12,
              }
            }
          >
            <View
              style={
                {
                  "flexDirection": "row",
                  "gap": 12,
                }
              }
            >
              <View
                style={
                  {
                    "paddingHorizontal": 12,
                    "paddingVertical": 8,
                  }
                }
              >
                <Text
                  style={
                    {
                      "color": "#0ea574",
                      "fontSize": 14,
                      "fontWeight": "500",
                    }
                  }
                >
                  ⏱ Leaving in 
                  2
                   min
                </Text>
              </View>
              <View
                style={
                  {
                    "paddingHorizontal": 12,
                    "paddingVertical": 8,
                  }
                }
              >
                <Text
                  style={
                    {
                      "color": "#0ea574",
                      "fontSize": 14,
                      "fontWeight": "500",
                    }
                  }
                >
                  👥 
                  2
                  /
                  4
                </Text>
              </View>
            </View>
            <View
              style={
                {
                  "flexDirection": "row",
                  "gap": 8,
                }
              }
            >
              <View
                style={
                  [
                    {
                      "borderRadius": 999,
                      "paddingHorizontal": 12,
                      "paddingVertical": 8,
                    },
                    {
                      "backgroundColor": "#0ea57420",
                    },
                  ]
                }
              >
                <Text
                  style={
                    [
                      {
                        "fontSize": 12,
                        "fontWeight": "500",
                      },
                      {
                        "color": "#0ea574",
                      },
                    ]
                  }
                >
                  Alcohol Free
                </Text>
              </View>
            </View>
          </View>
          <View
            style={
              {
                "backgroundColor": "#1a4d2e33",
                "height": 1,
                "marginVertical": 12,
              }
            }
          />
          <View
            style={
              {
                "alignItems": "center",
                "flexDirection": "row",
                "gap": 12,
                "paddingTop": 12,
              }
            }
          >
            <View
              style={
                {
                  "alignItems": "center",
                  "backgroundColor": "#1a4d2e",
                  "borderRadius": 999,
                  "height": 40,
                  "justifyContent": "center",
                  "width": 40,
                }
              }
            >
              <Text
                style={
                  {
                    "color": "#ffffff",
                    "fontSize": 16,
                    "fontWeight": "700",
                  }
                }
              >
                A
              </Text>
              <View
                style={
                  {
                    "alignItems": "center",
                    "backgroundColor": "#fcd34d",
                    "borderRadius": 999,
                    "height": 28,
                    "justifyContent": "center",
                    "position": "absolute",
                    "right": -8,
                    "top": -8,
                    "width": 28,
                  }
                }
              >
                <Text
                  style={
                    {
                      "fontSize": 14,
                    }
                  }
                >
                  ⭐
                </Text>
              </View>
            </View>
            <View
              style={
                {
                  "flex": 1,
                  "gap": 4,
                }
              }
            >
              <Text
                style={
                  {
                    "color": "#1a4d2e",
                    "fontSize": 14,
                    "fontWeight": "600",
                  }
                }
              >
                Alex T.
              </Text>
              <Text
                style={
                  {
                    "color": "#1a4d2e70",
                    "fontSize": 12,
                  }
                }
              >
                156
                 trips
              </Text>
            </View>
          </View>
        </View>
      </View>
    </View>
  </RCTScrollView>
</RCTSafeAreaView>
`;
