// Jest Snapshot v1, https://goo.gl/fbAQLP

exports[`renders SettingsScreen correctly (snapshot) 1`] = `
<RCTSafeAreaView
  style={
    {
      "backgroundColor": "#ffffff",
      "flex": 1,
    }
  }
>
  <View
    style={
      {
        "alignItems": "center",
        "backgroundColor": "#ffffff",
        "borderBottomColor": "#1a4d2e33",
        "borderBottomWidth": 1,
        "flexDirection": "row",
        "gap": 12,
        "paddingHorizontal": 12,
        "paddingVertical": 12,
      }
    }
  >
    <View
      accessibilityState={
        {
          "busy": undefined,
          "checked": undefined,
          "disabled": undefined,
          "expanded": undefined,
          "selected": undefined,
        }
      }
      accessibilityValue={
        {
          "max": undefined,
          "min": undefined,
          "now": undefined,
          "text": undefined,
        }
      }
      accessible={true}
      collapsable={false}
      focusable={true}
      onBlur={[Function]}
      onClick={[Function]}
      onFocus={[Function]}
      onResponderGrant={[Function]}
      onResponderMove={[Function]}
      onResponderRelease={[Function]}
      onResponderTerminate={[Function]}
      onResponderTerminationRequest={[Function]}
      onStartShouldSetResponder={[Function]}
      style={
        {
          "alignItems": "center",
          "backgroundColor": "#f0f4f1",
          "borderRadius": 12,
          "height": 40,
          "justifyContent": "center",
          "width": 40,
        }
      }
    >
      <Text
        style={
          {
            "color": "#1a4d2e",
            "fontSize": 20,
          }
        }
      >
        ←
      </Text>
    </View>
    <Text
      style={
        {
          "color": "#1a4d2e",
          "fontSize": 16,
          "fontWeight": "600",
        }
      }
    >
      Settings
    </Text>
  </View>
  <RCTScrollView
    showsVerticalScrollIndicator={false}
    style={
      {
        "flex": 1,
      }
    }
  >
    <View>
      <View
        style={
          {
            "backgroundColor": "#ffffff",
            "borderColor": "#1a4d2e33",
            "borderRadius": 16,
            "borderWidth": 1,
            "marginHorizontal": 12,
            "marginVertical": 12,
            "overflow": "hidden",
          }
        }
      >
        <View
          style={
            {
              "backgroundColor": "#f0f4f1",
              "borderBottomColor": "#1a4d2e33",
              "borderBottomWidth": 1,
              "paddingHorizontal": 12,
              "paddingVertical": 12,
            }
          }
        >
          <Text
            style={
              {
                "color": "#1a4d2e",
                "fontSize": 18,
                "fontWeight": "600",
              }
            }
          >
            Appearance
          </Text>
        </View>
        <View
          style={
            {
              "alignItems": "center",
              "flexDirection": "row",
              "justifyContent": "space-between",
              "paddingHorizontal": 12,
              "paddingVertical": 12,
            }
          }
        >
          <View
            style={
              {
                "alignItems": "center",
                "backgroundColor": "#f0f4f1",
                "borderRadius": 999,
                "height": 40,
                "justifyContent": "center",
                "width": 40,
              }
            }
          >
            <Text
              style={
                {
                  "fontSize": 18,
                }
              }
            >
              🌐
            </Text>
          </View>
          <View
            style={
              {
                "flex": 1,
                "gap": 4,
              }
            }
          >
            <Text
              style={
                {
                  "color": "#1a4d2e",
                  "fontSize": 16,
                  "fontWeight": "600",
                }
              }
            >
              Language
            </Text>
            <Text
              style={
                {
                  "color": "#1a4d2e70",
                  "fontSize": 14,
                }
              }
            >
              English
            </Text>
          </View>
        </View>
        <View
          style={
            {
              "backgroundColor": "#1a4d2e33",
              "height": 1,
              "marginHorizontal": 12,
            }
          }
        />
        <View
          style={
            {
              "alignItems": "center",
              "flexDirection": "row",
              "justifyContent": "space-between",
              "paddingHorizontal": 12,
              "paddingVertical": 12,
            }
          }
        >
          <View
            style={
              {
                "alignItems": "center",
                "flex": 1,
                "flexDirection": "row",
                "gap": 12,
              }
            }
          >
            <View
              style={
                {
                  "alignItems": "center",
                  "backgroundColor": "#f0f4f1",
                  "borderRadius": 999,
                  "height": 40,
                  "justifyContent": "center",
                  "width": 40,
                }
              }
            >
              <Text
                style={
                  {
                    "fontSize": 18,
                  }
                }
              >
                🌙
              </Text>
            </View>
            <View
              style={
                {
                  "flex": 1,
                  "gap": 4,
                }
              }
            >
              <Text
                style={
                  {
                    "color": "#1a4d2e",
                    "fontSize": 16,
                    "fontWeight": "600",
                  }
                }
              >
                Dark Mode
              </Text>
              <Text
                style={
                  {
                    "color": "#1a4d2e70",
                    "fontSize": 14,
                  }
                }
              >
                Use dark theme
              </Text>
            </View>
          </View>
          <RCTSwitch
            accessibilityRole="switch"
            onChange={[Function]}
            onResponderTerminationRequest={[Function]}
            onStartShouldSetResponder={[Function]}
            onTintColor="#1a4d2e"
            style={
              {
                "alignSelf": "flex-start",
              }
            }
            thumbTintColor="#ffffff"
            tintColor="#1a4d2e33"
            value={false}
          />
        </View>
      </View>
      <View
        style={
          {
            "backgroundColor": "#ffffff",
            "borderColor": "#1a4d2e33",
            "borderRadius": 16,
            "borderWidth": 1,
            "marginHorizontal": 12,
            "marginVertical": 12,
            "overflow": "hidden",
          }
        }
      >
        <View
          style={
            {
              "backgroundColor": "#f0f4f1",
              "borderBottomColor": "#1a4d2e33",
              "borderBottomWidth": 1,
              "paddingHorizontal": 12,
              "paddingVertical": 12,
            }
          }
        >
          <Text
            style={
              {
                "color": "#1a4d2e",
                "fontSize": 18,
                "fontWeight": "600",
              }
            }
          >
            Notifications
          </Text>
        </View>
        <View
          style={
            {
              "alignItems": "center",
              "flexDirection": "row",
              "justifyContent": "space-between",
              "paddingHorizontal": 12,
              "paddingVertical": 12,
            }
          }
        >
          <View
            style={
              {
                "alignItems": "center",
                "flex": 1,
                "flexDirection": "row",
                "gap": 12,
              }
            }
          >
            <View
              style={
                [
                  {
                    "alignItems": "center",
                    "backgroundColor": "#f0f4f1",
                    "borderRadius": 999,
                    "height": 40,
                    "justifyContent": "center",
                    "width": 40,
                  },
                  {
                    "backgroundColor": "#fcd34d",
                  },
                ]
              }
            >
              <Text
                style={
                  {
                    "fontSize": 18,
                  }
                }
              >
                🔔
              </Text>
            </View>
            <View
              style={
                {
                  "flex": 1,
                  "gap": 4,
                }
              }
            >
              <Text
                style={
                  {
                    "color": "#1a4d2e",
                    "fontSize": 16,
                    "fontWeight": "600",
                  }
                }
              >
                Push Notifications
              </Text>
              <Text
                style={
                  {
                    "color": "#1a4d2e70",
                    "fontSize": 14,
                  }
                }
              >
                Enable all notifications
              </Text>
            </View>
          </View>
          <RCTSwitch
            accessibilityRole="switch"
            onChange={[Function]}
            onResponderTerminationRequest={[Function]}
            onStartShouldSetResponder={[Function]}
            onTintColor="#1a4d2e"
            style={
              {
                "alignSelf": "flex-start",
              }
            }
            thumbTintColor="#ffffff"
            tintColor="#1a4d2e33"
            value={true}
          />
        </View>
        <View
          style={
            {
              "backgroundColor": "#1a4d2e33",
              "height": 1,
              "marginHorizontal": 12,
            }
          }
        />
        <View
          style={
            {
              "alignItems": "center",
              "flexDirection": "row",
              "justifyContent": "space-between",
              "paddingHorizontal": 12,
              "paddingVertical": 12,
            }
          }
        >
          <View
            style={
              {
                "alignItems": "center",
                "flex": 1,
                "flexDirection": "row",
                "gap": 12,
              }
            }
          >
            <View
              style={
                {
                  "alignItems": "center",
                  "backgroundColor": "#f0f4f1",
                  "borderRadius": 999,
                  "height": 40,
                  "justifyContent": "center",
                  "width": 40,
                }
              }
            >
              <Text
                style={
                  {
                    "fontSize": 18,
                  }
                }
              >
                ⏰
              </Text>
            </View>
            <View
              style={
                {
                  "flex": 1,
                  "gap": 4,
                }
              }
            >
              <Text
                style={
                  {
                    "color": "#1a4d2e",
                    "fontSize": 16,
                    "fontWeight": "600",
                  }
                }
              >
                Ride Reminders
              </Text>
              <Text
                style={
                  {
                    "color": "#1a4d2e70",
                    "fontSize": 14,
                  }
                }
              >
                Get notified before rides
              </Text>
            </View>
          </View>
          <RCTSwitch
            accessibilityRole="switch"
            onChange={[Function]}
            onResponderTerminationRequest={[Function]}
            onStartShouldSetResponder={[Function]}
            onTintColor="#1a4d2e"
            style={
              {
                "alignSelf": "flex-start",
              }
            }
            thumbTintColor="#ffffff"
            tintColor="#1a4d2e33"
            value={true}
          />
        </View>
        <View
          style={
            {
              "backgroundColor": "#1a4d2e33",
              "height": 1,
              "marginHorizontal": 12,
            }
          }
        />
        <View
          style={
            {
              "alignItems": "center",
              "flexDirection": "row",
              "justifyContent": "space-between",
              "paddingHorizontal": 12,
              "paddingVertical": 12,
            }
          }
        >
          <View
            style={
              {
                "alignItems": "center",
                "flex": 1,
                "flexDirection": "row",
                "gap": 12,
              }
            }
          >
            <View
              style={
                {
                  "alignItems": "center",
                  "backgroundColor": "#f0f4f1",
                  "borderRadius": 999,
                  "height": 40,
                  "justifyContent": "center",
                  "width": 40,
                }
              }
            >
              <Text
                style={
                  {
                    "fontSize": 18,
                  }
                }
              >
                💬
              </Text>
            </View>
            <View
              style={
                {
                  "flex": 1,
                  "gap": 4,
                }
              }
            >
              <Text
                style={
                  {
                    "color": "#1a4d2e",
                    "fontSize": 16,
                    "fontWeight": "600",
                  }
                }
              >
                Chat Messages
              </Text>
              <Text
                style={
                  {
                    "color": "#1a4d2e70",
                    "fontSize": 14,
                  }
                }
              >
                New message alerts
              </Text>
            </View>
          </View>
          <RCTSwitch
            accessibilityRole="switch"
            onChange={[Function]}
            onResponderTerminationRequest={[Function]}
            onStartShouldSetResponder={[Function]}
            onTintColor="#1a4d2e"
            style={
              {
                "alignSelf": "flex-start",
              }
            }
            thumbTintColor="#ffffff"
            tintColor="#1a4d2e33"
            value={true}
          />
        </View>
      </View>
      <View
        style={
          {
            "backgroundColor": "#ffffff",
            "borderColor": "#1a4d2e33",
            "borderRadius": 16,
            "borderWidth": 1,
            "marginHorizontal": 12,
            "marginVertical": 12,
            "overflow": "hidden",
          }
        }
      >
        <View
          style={
            {
              "backgroundColor": "#f0f4f1",
              "borderBottomColor": "#1a4d2e33",
              "borderBottomWidth": 1,
              "paddingHorizontal": 12,
              "paddingVertical": 12,
            }
          }
        >
          <Text
            style={
              {
                "color": "#1a4d2e",
                "fontSize": 18,
                "fontWeight": "600",
              }
            }
          >
            Privacy & Security
          </Text>
        </View>
        <View
          accessibilityState={
            {
              "busy": undefined,
              "checked": undefined,
              "disabled": undefined,
              "expanded": undefined,
              "selected": undefined,
            }
          }
          accessibilityValue={
            {
              "max": undefined,
              "min": undefined,
              "now": undefined,
              "text": undefined,
            }
          }
          accessible={true}
          collapsable={false}
          focusable={true}
          onBlur={[Function]}
          onClick={[Function]}
          onFocus={[Function]}
          onResponderGrant={[Function]}
          onResponderMove={[Function]}
          onResponderRelease={[Function]}
          onResponderTerminate={[Function]}
          onResponderTerminationRequest={[Function]}
          onStartShouldSetResponder={[Function]}
          style={
            {
              "alignItems": "center",
              "flexDirection": "row",
              "justifyContent": "space-between",
              "paddingHorizontal": 12,
              "paddingVertical": 12,
            }
          }
        >
          <View
            style={
              {
                "alignItems": "center",
                "flex": 1,
                "flexDirection": "row",
                "gap": 12,
              }
            }
          >
            <View
              style={
                [
                  {
                    "alignItems": "center",
                    "backgroundColor": "#f0f4f1",
                    "borderRadius": 999,
                    "height": 40,
                    "justifyContent": "center",
                    "width": 40,
                  },
                  {
                    "backgroundColor": "#E9D5FF",
                  },
                ]
              }
            >
              <Text
                style={
                  {
                    "fontSize": 18,
                  }
                }
              >
                🔒
              </Text>
            </View>
            <View
              style={
                {
                  "flex": 1,
                  "gap": 4,
                }
              }
            >
              <Text
                style={
                  {
                    "color": "#1a4d2e",
                    "fontSize": 16,
                    "fontWeight": "600",
                  }
                }
              >
                Privacy Settings
              </Text>
              <Text
                style={
                  {
                    "color": "#1a4d2e70",
                    "fontSize": 14,
                  }
                }
              >
                Manage your data
              </Text>
            </View>
          </View>
          <Text
            style={
              {
                "color": "#1a4d2e",
                "fontSize": 20,
                "marginLeft": 12,
              }
            }
          >
            ›
          </Text>
        </View>
      </View>
      <View
        style={
          {
            "backgroundColor": "#ffffff",
            "borderColor": "#1a4d2e33",
            "borderRadius": 16,
            "borderWidth": 1,
            "marginHorizontal": 12,
            "marginVertical": 12,
            "overflow": "hidden",
          }
        }
      >
        <View
          style={
            {
              "backgroundColor": "#f0f4f1",
              "borderBottomColor": "#1a4d2e33",
              "borderBottomWidth": 1,
              "paddingHorizontal": 12,
              "paddingVertical": 12,
            }
          }
        >
          <Text
            style={
              {
                "color": "#1a4d2e",
                "fontSize": 18,
                "fontWeight": "600",
              }
            }
          >
            Support
          </Text>
        </View>
        <View
          accessibilityState={
            {
              "busy": undefined,
              "checked": undefined,
              "disabled": undefined,
              "expanded": undefined,
              "selected": undefined,
            }
          }
          accessibilityValue={
            {
              "max": undefined,
              "min": undefined,
              "now": undefined,
              "text": undefined,
            }
          }
          accessible={true}
          collapsable={false}
          focusable={true}
          onBlur={[Function]}
          onClick={[Function]}
          onFocus={[Function]}
          onResponderGrant={[Function]}
          onResponderMove={[Function]}
          onResponderRelease={[Function]}
          onResponderTerminate={[Function]}
          onResponderTerminationRequest={[Function]}
          onStartShouldSetResponder={[Function]}
          style={
            {
              "alignItems": "center",
              "flexDirection": "row",
              "justifyContent": "space-between",
              "paddingHorizontal": 12,
              "paddingVertical": 12,
            }
          }
        >
          <View
            style={
              {
                "alignItems": "center",
                "flex": 1,
                "flexDirection": "row",
                "gap": 12,
              }
            }
          >
            <View
              style={
                [
                  {
                    "alignItems": "center",
                    "backgroundColor": "#f0f4f1",
                    "borderRadius": 999,
                    "height": 40,
                    "justifyContent": "center",
                    "width": 40,
                  },
                  {
                    "backgroundColor": "#DCFCE7",
                  },
                ]
              }
            >
              <Text
                style={
                  {
                    "fontSize": 18,
                  }
                }
              >
                ❓
              </Text>
            </View>
            <View
              style={
                {
                  "flex": 1,
                  "gap": 4,
                }
              }
            >
              <Text
                style={
                  {
                    "color": "#1a4d2e",
                    "fontSize": 16,
                    "fontWeight": "600",
                  }
                }
              >
                Help Center
              </Text>
              <Text
                style={
                  {
                    "color": "#1a4d2e70",
                    "fontSize": 14,
                  }
                }
              >
                FAQs and guides
              </Text>
            </View>
          </View>
          <Text
            style={
              {
                "color": "#1a4d2e",
                "fontSize": 20,
                "marginLeft": 12,
              }
            }
          >
            ›
          </Text>
        </View>
        <View
          style={
            {
              "backgroundColor": "#1a4d2e33",
              "height": 1,
              "marginHorizontal": 12,
            }
          }
        />
        <View
          accessibilityState={
            {
              "busy": undefined,
              "checked": undefined,
              "disabled": undefined,
              "expanded": undefined,
              "selected": undefined,
            }
          }
          accessibilityValue={
            {
              "max": undefined,
              "min": undefined,
              "now": undefined,
              "text": undefined,
            }
          }
          accessible={true}
          collapsable={false}
          focusable={true}
          onBlur={[Function]}
          onClick={[Function]}
          onFocus={[Function]}
          onResponderGrant={[Function]}
          onResponderMove={[Function]}
          onResponderRelease={[Function]}
          onResponderTerminate={[Function]}
          onResponderTerminationRequest={[Function]}
          onStartShouldSetResponder={[Function]}
          style={
            {
              "alignItems": "center",
              "flexDirection": "row",
              "justifyContent": "space-between",
              "paddingHorizontal": 12,
              "paddingVertical": 12,
            }
          }
        >
          <View
            style={
              {
                "alignItems": "center",
                "flex": 1,
                "flexDirection": "row",
                "gap": 12,
              }
            }
          >
            <View
              style={
                [
                  {
                    "alignItems": "center",
                    "backgroundColor": "#f0f4f1",
                    "borderRadius": 999,
                    "height": 40,
                    "justifyContent": "center",
                    "width": 40,
                  },
                  {
                    "backgroundColor": "#DBEAFE",
                  },
                ]
              }
            >
              <Text
                style={
                  {
                    "fontSize": 18,
                  }
                }
              >
                ℹ️
              </Text>
            </View>
            <View
              style={
                {
                  "flex": 1,
                  "gap": 4,
                }
              }
            >
              <Text
                style={
                  {
                    "color": "#1a4d2e",
                    "fontSize": 16,
                    "fontWeight": "600",
                  }
                }
              >
                About Ridar
              </Text>
              <Text
                style={
                  {
                    "color": "#1a4d2e70",
                    "fontSize": 14,
                  }
                }
              >
                Version 1.0.0
              </Text>
            </View>
          </View>
          <Text
            style={
              {
                "color": "#1a4d2e",
                "fontSize": 20,
                "marginLeft": 12,
              }
            }
          >
            ›
          </Text>
        </View>
      </View>
      <View
        style={
          {
            "height": 20,
          }
        }
      />
    </View>
  </RCTScrollView>
</RCTSafeAreaView>
`;
